{
    "size" : 1000,
    "query" : {
        "bool" : {
            "must" : [
                {
                    "bool" : {
                        "must" : [
                            {
                                "wildcard" : {
                                    "firstname" : {
                                        "wildcard" : "A*",
                                        "boost" : 1.0
                                    }
                                }
                            },
                            {
                                "range" : {
                                    "age" : {
                                        "gt" : 20,
                                        "boost" : 1.0
                                    }
                                }
                            }
                        ],
                        "boost" : 1.0
                    }
                }
            ],
            "boost" : 1.0
        }
    },
    "_source" : false
}